// Jest Snapshot v1, https://goo.gl/fbAQLP

exports[`spins default frames: CI 1`] = `
"[33m-[39m 
[33m-[39m 
[33m-[39m 
[33m-[39m 
[33m-[39m 
[33m-[39m 
[33m-[39m 
[33m-[39m 
[33m-[39m 
[33m-[39m 
"
`;

exports[`spins default frames: Local 1`] = `"[?25l[1G[33m⠋[39m [?25l[1G[2K[1G[33m⠙[39m [?25l[1G[2K[1G[33m⠹[39m [?25l[1G[2K[1G[33m⠸[39m [?25l[1G[2K[1G[33m⠼[39m [?25l[1G[2K[1G[33m⠴[39m [?25l[1G[2K[1G[33m⠦[39m [?25l[1G[2K[1G[33m⠧[39m [?25l[1G[2K[1G[33m⠇[39m [?25l[1G[2K[1G[33m⠏[39m "`;
